// Jest Snapshot v1, https://goo.gl/fbAQLP

exports[`_saveQuestion creates and saves a new question (snapshot) 1`] = `
<div
  className="MuiGrid-root MuiGrid-container css-go2vvz-MuiGrid-root"
>
  <div
    className="MuiGrid-root MuiGrid-item MuiGrid-grid-xs-12 MuiGrid-grid-sm-2 css-63b4os-MuiGrid-root"
    sm-offset={2}
  >
    <a
      href="/"
      onClick={[Function]}
    >
      <button
        className="MuiButtonBase-root MuiButton-root MuiButton-contained MuiButton-containedPrimary MuiButton-sizeMedium MuiButton-containedSizeMedium MuiButton-colorPrimary MuiButton-root MuiButton-contained MuiButton-containedPrimary MuiButton-sizeMedium MuiButton-containedSizeMedium MuiButton-colorPrimary css-sghohy-MuiButtonBase-root-MuiButton-root"
        disabled={false}
        onBlur={[Function]}
        onContextMenu={[Function]}
        onDragLeave={[Function]}
        onFocus={[Function]}
        onKeyDown={[Function]}
        onKeyUp={[Function]}
        onMouseDown={[Function]}
        onMouseLeave={[Function]}
        onMouseUp={[Function]}
        onTouchEnd={[Function]}
        onTouchMove={[Function]}
        onTouchStart={[Function]}
        tabIndex={0}
        type="button"
      >
        Back to home
      </button>
    </a>
  </div>
  <div
    className="MuiGrid-root MuiGrid-item MuiGrid-grid-xs-12 MuiGrid-grid-sm-8 css-o4bg9w-MuiGrid-root"
  >
    <img
      alt="Page Not Found"
      loading="lazy"
      src="404.png"
      srcSet="404.png"
      style={
        Object {
          "maxHeight": "100vh",
        }
      }
    />
  </div>
</div>
`;
